// Jest Snapshot v1, https://goo.gl/fbAQLP

exports[`Input component should render Input conponent 1`] = `ShallowWrapper {}`;
